[duruthemes.com/demo/html/dorothea/multipage/index.html]
[backblue.gif]
[fade.gif]
[index.html]
[duruthemes.com/demo/html/dorothea/multipage/images/favicon.png]
[duruthemes.com/demo/html/dorothea/multipage/css/animate.css]
[duruthemes.com/demo/html/dorothea/multipage/css/themify-icons.css]
[duruthemes.com/demo/html/dorothea/multipage/css/bootstrap.css]
[duruthemes.com/demo/html/dorothea/multipage/css/flexslider.css]
[duruthemes.com/demo/html/dorothea/multipage/css/fancybox.min.css]
[duruthemes.com/demo/html/dorothea/multipage/css/style.css]
[duruthemes.com/demo/html/dorothea/multipage/about.html]
[duruthemes.com/demo/html/dorothea/multipage/services.html]
[duruthemes.com/demo/html/dorothea/multipage/gallery.html]
[duruthemes.com/demo/html/dorothea/multipage/feedback.html]
[duruthemes.com/demo/html/dorothea/multipage/blog.html]
[duruthemes.com/demo/html/dorothea/multipage/contact.html]
[duruthemes.com/demo/html/dorothea/multipage/images/logo.png]
[duruthemes.com/demo/html/dorothea/multipage/images/slider/01.jpg]
[duruthemes.com/demo/html/dorothea/multipage/images/slider/02.jpg]
[duruthemes.com/demo/html/dorothea/multipage/images/services/1.jpg]
[duruthemes.com/demo/html/dorothea/multipage/services-post.html]
[duruthemes.com/demo/html/dorothea/multipage/images/services/2.jpg]
[duruthemes.com/demo/html/dorothea/multipage/images/services/3.jpg]
[duruthemes.com/demo/html/dorothea/multipage/images/services/5.jpg]
[duruthemes.com/demo/html/dorothea/multipage/images/sign-gray.png]
[duruthemes.com/demo/html/dorothea/multipage/images/gallery/1.jpg]
[duruthemes.com/demo/html/dorothea/multipage/images/gallery/3.jpg]
[duruthemes.com/demo/html/dorothea/multipage/images/gallery/5.jpg]
[duruthemes.com/demo/html/dorothea/multipage/images/gallery/7.jpg]
[duruthemes.com/demo/html/dorothea/multipage/images/gallery/2.jpg]
[duruthemes.com/demo/html/dorothea/multipage/post.html]
[duruthemes.com/demo/html/dorothea/multipage/images/blog/02.jpg]
[duruthemes.com/demo/html/dorothea/multipage/images/blog/01.jpg]
[duruthemes.com/demo/html/dorothea/multipage/images/blog/04.jpg]
[duruthemes.com/demo/html/dorothea/multipage/js/modernizr-2.6.2.min.js]
[duruthemes.com/demo/html/dorothea/multipage/js/jquery.min.js]
[duruthemes.com/demo/html/dorothea/multipage/js/jquery.easing.1.3.js]
[duruthemes.com/demo/html/dorothea/multipage/js/jquery.waypoints.min.js]
[duruthemes.com/demo/html/dorothea/multipage/js/sticky-kit.min.js]
[duruthemes.com/demo/html/dorothea/multipage/js/bootstrap.min.js]
[duruthemes.com/demo/html/dorothea/multipage/js/jquery.flexslider-min.js]
[duruthemes.com/demo/html/dorothea/multipage/js/smooth-scroll.min.js]
[duruthemes.com/demo/html/dorothea/multipage/index.html]
[duruthemes.com/demo/html/dorothea/multipage/css/animate.css]
[duruthemes.com/demo/html/dorothea/multipage/fonts/themify.eot]
[duruthemes.com/demo/html/dorothea/multipage/js/main.js]
[duruthemes.com/demo/html/dorothea/multipage/fonts/themify.woff]
[duruthemes.com/demo/html/dorothea/multipage/js/jquery.fancybox.min.js]
[duruthemes.com/demo/html/dorothea/multipage/fonts/themifyd41d.eot]
[duruthemes.com/demo/html/dorothea/multipage/fonts/themify.ttf]
[duruthemes.com/demo/html/dorothea/multipage/css/themify-icons.css]
[duruthemes.com/demo/html/dorothea/multipage/css/bootstrap.css]
[duruthemes.com/demo/html/dorothea/multipage/css/flexslider.css]
[duruthemes.com/demo/html/dorothea/multipage/css/fancybox.min.css]
[duruthemes.com/demo/html/dorothea/multipage/css/style.css]
[duruthemes.com/demo/html/dorothea/multipage/images/team/1.jpg]
[duruthemes.com/demo/html/dorothea/multipage/about.html]
[duruthemes.com/demo/html/dorothea/multipage/images/services/4.jpg]
[duruthemes.com/demo/html/dorothea/multipage/images/pricing/1.jpg]
[duruthemes.com/demo/html/dorothea/multipage/images/pricing/2.jpg]
[duruthemes.com/demo/html/dorothea/multipage/images/pricing/3.jpg]
[duruthemes.com/demo/html/dorothea/multipage/services.html]
[duruthemes.com/demo/html/dorothea/multipage/images/gallery/8.jpg]
[duruthemes.com/demo/html/dorothea/multipage/images/gallery/11.jpg]
[duruthemes.com/demo/html/dorothea/multipage/images/gallery/13.jpg]
[duruthemes.com/demo/html/dorothea/multipage/images/gallery/14.jpg]
[duruthemes.com/demo/html/dorothea/multipage/images/gallery/15.jpg]
[duruthemes.com/demo/html/dorothea/multipage/images/gallery/16.jpg]
[duruthemes.com/demo/html/dorothea/multipage/images/gallery/17.jpg]
[duruthemes.com/demo/html/dorothea/multipage/images/gallery/20.jpg]
[duruthemes.com/demo/html/dorothea/multipage/images/gallery/18.jpg]
[duruthemes.com/demo/html/dorothea/multipage/gallery.html]
[duruthemes.com/demo/html/dorothea/multipage/images/feedback/1.jpg]
[duruthemes.com/demo/html/dorothea/multipage/images/feedback/2.jpg]
[duruthemes.com/demo/html/dorothea/multipage/images/feedback/3.jpg]
[duruthemes.com/demo/html/dorothea/multipage/images/feedback/4.jpg]
[duruthemes.com/demo/html/dorothea/multipage/images/feedback/5.jpg]
[duruthemes.com/demo/html/dorothea/multipage/feedback.html]
[duruthemes.com/demo/html/dorothea/multipage/images/blog/03.jpg]
[duruthemes.com/demo/html/dorothea/multipage/blog.html]
[duruthemes.com/demo/html/dorothea/multipage/contact.html]
[duruthemes.com/demo/html/dorothea/multipage/images/services/m1.jpg]
[duruthemes.com/demo/html/dorothea/multipage/images/services/m2.jpg]
[duruthemes.com/demo/html/dorothea/multipage/images/services/m3.jpg]
[duruthemes.com/demo/html/dorothea/multipage/images/services/m4.jpg]
[duruthemes.com/demo/html/dorothea/multipage/images/services/m5.jpg]
[duruthemes.com/demo/html/dorothea/multipage/services-post.html]
[duruthemes.com/demo/html/dorothea/multipage/images/banner.jpg]
[duruthemes.com/demo/html/dorothea/multipage/images/gallery/6.jpg]
[duruthemes.com/demo/html/dorothea/multipage/images/gallery/4.jpg]
[duruthemes.com/demo/html/dorothea/multipage/images/team/4.png]
[duruthemes.com/demo/html/dorothea/multipage/images/team/5.png]
[duruthemes.com/demo/html/dorothea/multipage/post.html]
[duruthemes.com/demo/html/dorothea/multipage/fonts/themify.svg]
[duruthemes.com/demo/html/dorothea/multipage/images/services/6.jpg]
[duruthemes.com/demo/html/dorothea/multipage/images/pricing/bg.jpg]
[duruthemes.com/demo/html/dorothea/multipage/images/gallery/9.jpg]
[duruthemes.com/demo/html/dorothea/multipage/images/gallery/10.jpg]
[duruthemes.com/demo/html/dorothea/multipage/images/gallery/12.jpg]
[duruthemes.com/demo/html/dorothea/multipage/images/gallery/19.jpg]
[duruthemes.com/demo/html/dorothea/multipage/images/team/3.png]
[duruthemes.com/demo/html/dorothea/multipage/fonts/themify.svg]
[duruthemes.com/demo/html/dorothea/multipage/images/team/2.jpg]
[duruthemes.com/demo/html/dorothea/multipage/images/video.mp4]
[duruthemes.com/demo/html/dorothea/multipage/images/feedback/6.jpg]
